[W723 19:15:40.059893880 OperatorEntry.cpp:208] Warning: Warning only once for all operators,  other operators may also be overridden.
  Overriding a previously registered kernel for the same operator and the same dispatch key
  operator: aten::gather.out(Tensor self, int dim, Tensor index, *, bool sparse_grad=False, Tensor(a!) out) -> Tensor(a!)
    registered at /pytorch/build/aten/src/ATen/RegisterSchema.cpp:6
  dispatch key: PrivateUse1
  previous kernel: registered at /pytorch/build/aten/src/ATen/RegisterCPU_3.cpp:7637
       new kernel: registered at NeuronDispatcher.cpp:0 (function operator())
W0723 19:15:40.496000 55127 torch/distributed/run.py:851] 
W0723 19:15:40.496000 55127 torch/distributed/run.py:851] *****************************************
W0723 19:15:40.496000 55127 torch/distributed/run.py:851] Setting OMP_NUM_THREADS environment variable for each process to be 1 in default, to avoid your system being overloaded, please further tune the variable for optimal performance in your application as needed. 
W0723 19:15:40.496000 55127 torch/distributed/run.py:851] *****************************************
[W723 19:15:42.379388664 OperatorEntry.cpp:208] Warning: Warning only once for all operators,  other operators may also be overridden.
  Overriding a previously registered kernel for the same operator and the same dispatch key
  operator: aten::gather.out(Tensor self, int dim, Tensor index, *, bool sparse_grad=False, Tensor(a!) out) -> Tensor(a!)
    registered at /pytorch/build/aten/src/ATen/RegisterSchema.cpp:6
  dispatch key: PrivateUse1
  previous kernel: registered at /pytorch/build/aten/src/ATen/RegisterCPU_3.cpp:7637
       new kernel: registered at NeuronDispatcher.cpp:0 (function operator())
[W723 19:15:42.388557367 OperatorEntry.cpp:208] Warning: Warning only once for all operators,  other operators may also be overridden.
  Overriding a previously registered kernel for the same operator and the same dispatch key
  operator: aten::gather.out(Tensor self, int dim, Tensor index, *, bool sparse_grad=False, Tensor(a!) out) -> Tensor(a!)
    registered at /pytorch/build/aten/src/ATen/RegisterSchema.cpp:6
  dispatch key: PrivateUse1
  previous kernel: registered at /pytorch/build/aten/src/ATen/RegisterCPU_3.cpp:7637
       new kernel: registered at NeuronDispatcher.cpp:0 (function operator())
2026-Jul-23 19:15:47.0356 55142:55142 [0] int nccl_net_ofi_create_plugin(nccl_net_ofi_plugin_t**):232 CCOM WARN NET/OFI Failed to initialize rdma protocol
2026-Jul-23 19:15:47.0358 55142:55142 [0] int nccl_net_ofi_create_plugin(nccl_net_ofi_plugin_t**):376 CCOM WARN NET/OFI aws-ofi-nccl initialization failed
2026-Jul-23 19:15:47.0360 55142:55142 [0] ncclResult_t nccl_net_ofi_init(ncclDebugLogger_t):78 CCOM WARN NET/OFI Initializing plugin failed
2026-Jul-23 19:15:47.0362 55142:55142 [0] net_plugin.cc:97 CCOM WARN OFI plugin initNet() failed is EFA enabled?
2026-Jul-23 19:15:55.0944 55143:55143 [1] int nccl_net_ofi_create_plugin(nccl_net_ofi_plugin_t**):232 CCOM WARN NET/OFI Failed to initialize rdma protocol
2026-Jul-23 19:15:55.0946 55143:55143 [1] int nccl_net_ofi_create_plugin(nccl_net_ofi_plugin_t**):376 CCOM WARN NET/OFI aws-ofi-nccl initialization failed
2026-Jul-23 19:15:55.0948 55143:55143 [1] ncclResult_t nccl_net_ofi_init(ncclDebugLogger_t):78 CCOM WARN NET/OFI Initializing plugin failed
2026-Jul-23 19:15:55.0951 55143:55143 [1] net_plugin.cc:97 CCOM WARN OFI plugin initNet() failed is EFA enabled?
Fetching 1 files:   0%|          | 0/1 [00:00<?, ?it/s]Fetching 1 files: 100%|██████████| 1/1 [00:00<00:00, 2743.17it/s]
Fetching 1 files:   0%|          | 0/1 [00:00<?, ?it/s]Fetching 1 files: 100%|██████████| 1/1 [00:00<00:00, 2727.12it/s]
world_size=2  per-rank sharded params ~= 43.27 M
step |   loss   | sec  (step 0 includes fwd+bwd NEFF compile)
Neuron backend does not support int64. Automatically casting to int32. Consider using int32 directly for better performance until native int64 support is added.
Neuron backend does not support int64. Automatically casting to int32. Consider using int32 directly for better performance until native int64 support is added.
   0 |   6.1247 |   2.4
   1 |   5.7257 |   0.9
   2 |   4.6867 |   0.9
   3 |   4.5821 |   0.8
   4 |   3.7500 |   0.9
   5 |   3.3800 |   0.9
FSDP_TRAIN_OK
